// Jest Snapshot v1, https://goo.gl/fbAQLP

exports[`<Login /> should render, have Login title and match snapshot 1`] = `
<DocumentFragment>
  <div
    class="w-screen h-screen grid place-items-center"
  >
    <form
      class="space-y-5 w-80"
      data-testid="login-form"
    >
      <div
        class="flex justify-center items-center gap-1 text-emerald-700 mb-8"
      >
        <h2
          class="scroll-m-20 text-3xl font-semibold tracking-tight"
        >
          Login
        </h2>
        <svg
          aria-hidden="true"
          class="w-7 h-7"
          fill="currentColor"
          viewBox="0 0 20 20"
          xmlns="http://www.w3.org/2000/svg"
        >
          <path
            clip-rule="evenodd"
            d="M10 1a4.5 4.5 0 00-4.5 4.5V9H5a2 2 0 00-2 2v6a2 2 0 002 2h10a2 2 0 002-2v-6a2 2 0 00-2-2h-.5V5.5A4.5 4.5 0 0010 1zm3 8V5.5a3 3 0 10-6 0V9h6z"
            fill-rule="evenodd"
          />
        </svg>
      </div>
      <div
        class="space-y-2"
      >
        <input
          aria-describedby=":r0:-form-item-description"
          aria-invalid="false"
          class="flex w-full rounded-md border bg-background px-3 py-2 ring-offset-background file:border-0 file:bg-transparent file:text-sm file:font-medium placeholder:text-muted-foreground focus-visible:outline-none focus-visible:ring-2 focus-visible:ring-offset-2 disabled:cursor-not-allowed disabled:opacity-50 h-11 text-base focus-visible:ring-emerald-500 border-gray-300"
          data-testid="login-username"
          id=":r0:-form-item"
          name="username"
          placeholder="Enter your username..."
          value=""
        />
      </div>
      <div
        class="space-y-2"
      >
        <input
          aria-describedby=":r1:-form-item-description"
          aria-invalid="false"
          class="flex w-full rounded-md border bg-background px-3 py-2 ring-offset-background file:border-0 file:bg-transparent file:text-sm file:font-medium placeholder:text-muted-foreground focus-visible:outline-none focus-visible:ring-2 focus-visible:ring-offset-2 disabled:cursor-not-allowed disabled:opacity-50 h-11 text-base focus-visible:ring-emerald-500 border-gray-300"
          data-testid="login-password"
          id=":r1:-form-item"
          name="password"
          placeholder="Enter your password..."
          type="password"
          value=""
        />
        <p
          class="text-sm text-muted-foreground text-center"
          id=":r1:-form-item-description"
        >
          Don't have an account? 
          <a
            class="text-emerald-500 hover:text-emerald-400 underline"
            data-testid="login-link"
            href="register"
          >
            Register
          </a>
        </p>
      </div>
      <button
        class="inline-flex items-center justify-center whitespace-nowrap rounded-md font-medium ring-offset-background transition-colors focus-visible:outline-none focus-visible:ring-2 focus-visible:ring-ring focus-visible:ring-offset-2 disabled:pointer-events-none disabled:opacity-50 text-primary-foreground px-4 py-2 w-full h-11 text-base bg-emerald-700 hover:bg-emerald-800"
        type="submit"
      >
        Login
      </button>
    </form>
  </div>
</DocumentFragment>
`;
